<html>
<body>
<pre>
<h1>µVision Build Log</h1>
<h2>Project:</h2>
C:\Program Files (x86)\Keil\Labware\Lab6_BranchingFunctionsDelays\Lab6.uvproj
Project File Date:  12/28/2014

<h2>Output:</h2>
Build target 'Lab6'
compiling BranchingFunctionsDelays.c...
linking...
Program Size: Code=3708 RO-data=5996 RW-data=56 ZI-data=1752  
".\Lab6.axf" - 0 Error(s), 0 Warning(s).
0 Error(s), 0 Warning(s).
nsDelays.c: 0 warnings, 1 error
".\Lab6.axf" - 1 Error(s), 0 Warning(s).
Target not created
reated
ent in block
        bool SW1 = false;
BranchingFunctionsDelays.c(58): warning:  #177-D: variable "in" was declared but never referenced
        int in;
BranchingFunctionsDelays.c: 1 warning, 2 errors
".\Lab6.axf" - 2 Error(s), 1 Warning(s).
Target not created
