<html>
<body>
<pre>
<h1>µVision Build Log</h1>
<h2>Project:</h2>
C:\Program Files (x86)\Keil\Labware\Lab7_HeartBlock\Lab7.uvproj
Project File Date:  12/29/2014

<h2>Output:</h2>
Rebuild target 'Lab7'
assembling startup.s...
compiling main.c...
linking...
Program Size: Code=4160 RO-data=6156 RW-data=80 ZI-data=1752  
".\Lab7.axf" - 0 Error(s), 0 Warning(s).
</pre>
</body>
</html>
ax error
main.c: 1 warning, 1 error
".\Lab7.axf" - 1 Error(s), 1 Warning(s).
Target not created
ror: Could not load file 'C:\Program Files (x86)\Keil\Labware\Lab7_HeartBlock\Lab7.axf'. Debugger aborted !
